(gdb) b main
Breakpoint 1 at 0x810: file p2original.c, line 23.
(gdb) r
Starting program: /home/runner/pps-IA1-practice-1/a.out 
warning: Error disabling address space randomization: Operation not permitted

Breakpoint 1, main () at p2original.c:23
23  x= input();
(gdb) n
Enter the number
1
24  y= input();
(gdb) n
Enter the number
2
25  z= add(x , y);
(gdb) n
26  output(x, y, z);
(gdb) n
sum of 1 + 2 is 3
27  return 0;
(gdb) c
Continuing.
[Inferior 1 (process 1218) exited normally]
(gdb) 