(gdb) b main
Breakpoint 1 at 0x894: file p4original.c, line 33.
(gdb) r
Starting program: /home/runner/pps-IA1-practice-1/a.out 
warning: Error disabling address space randomization: Operation not permitted

Breakpoint 1, main () at p4original.c:33
33    {
(gdb) n
35      n=input();
(gdb) n
enter the value of n:
3
36      aray(n,a);
(gdb) n
enter elements 0 :
1
enter elements 1 :
7
enter elements 2 :
11
37      sum=add(n,a);
(gdb) n
38      output(sum);
(gdb) n
sum is 19
39      return 0;
(gdb) c
Continuing.
[Inferior 1 (process 282) exited normally]
(gdb) 